[profilo.xyz/veratti.html]
[backblue.gif]
[fade.gif]
[index.html]
[profilo.xyz/assets/front/img/user/61d5aa9fa9136.png]
[profilo.xyz/assets/front/img/user/61d5ac375c5e1.png]
[profilo.xyz/veratti/services.html]
[profilo.xyz/veratti/portfolios.html]
[profilo.xyz/veratti/blogs.html]
[profilo.xyz/assets/front/img/profile1/theme3/lang.png]
[profilo.xyz/assets/front/img/user/cv/61cef129d39a9.pdf]
[profilo.xyz/veratti.pdf]
[profilo.xyz/veratti/service/ecommerce-website/97.html]
[profilo.xyz/veratti/service/logo-design/98.html]
[profilo.xyz/veratti/service/html-templates/99.html]
[profilo.xyz/assets/front/img/user/home_settings/61d314b0129f7.jpg]
[profilo.xyz/assets/front/img/user/portfolios/1641224164.jpg]
[profilo.xyz/veratti/portfolio/ecommerce-website/110.html]
[profilo.xyz/assets/front/img/user/portfolios/1641224173.jpg]
[profilo.xyz/veratti/portfolio/logo-design/111.html]
[profilo.xyz/assets/front/img/user/portfolios/1641224180.jpg]
[profilo.xyz/veratti/portfolio/medical-app/112.html]
[profilo.xyz/assets/front/img/user/portfolios/1641224187.jpg]
[profilo.xyz/veratti/portfolio/taxi-app/113.html]
[profilo.xyz/assets/front/img/user/portfolios/1641224196.jpg]
[profilo.xyz/veratti/portfolio/investment-app-ui/114.html]
[profilo.xyz/assets/front/img/user/portfolios/1641224204.jpg]
[profilo.xyz/veratti/portfolio/qr-menu-maker/115.html]
[profilo.xyz/assets/front/img/user/testimonials/1641224698.jpg]
[profilo.xyz/assets/front/img/user/testimonials/1641224706.jpg]
[profilo.xyz/assets/front/img/user/testimonials/1641224715.jpg]
[profilo.xyz/assets/front/img/user/testimonials/1641224723.jpg]
[profilo.xyz/veratti/blog/richard-mcclintock,-a-latin-professor-at-hampden-sydney-college/100.html]
[profilo.xyz/veratti/blog/many-desktop-publishing-packages-and-web-page/99.html]
[profilo.xyz/veratti/blog/there-are-many-variations-of-passages-of-lorem-ipsum/98.html]
[profilo.xyz/assets/front/js/vendor/jquery-3.4.1.min.js]
[profilo.xyz/assets/front/js/plugin.min.js]
[profilo.xyz/assets/front/js/profile/common.js]
[profilo.xyz/assets/front/js/profile/theme4/main.js]
[profilo.xyz/veratti.html]
[profilo.xyz/assets/front/fonts/fa-brands-400.eot]
[profilo.xyz/assets/front/fonts/fa-brands-400d41d.eot]
[profilo.xyz/assets/front/fonts/fa-brands-400.woff2]
[profilo.xyz/assets/front/fonts/fa-brands-400.woff]
[profilo.xyz/assets/front/fonts/fa-brands-400.ttf]
[profilo.xyz/assets/front/fonts/fa-light-300.eot]
[profilo.xyz/assets/front/fonts/fa-light-300d41d.eot]
[profilo.xyz/assets/front/fonts/fa-light-300.woff2]
[profilo.xyz/assets/front/fonts/fa-light-300.woff]
[profilo.xyz/assets/front/fonts/fa-light-300.ttf]
[profilo.xyz/assets/front/fonts/fa-regular-400.eot]
[profilo.xyz/assets/front/fonts/fa-regular-400d41d.eot]
[profilo.xyz/assets/front/fonts/fa-regular-400.woff2]
[profilo.xyz/assets/front/fonts/fa-regular-400.woff]
[profilo.xyz/assets/front/fonts/fa-regular-400.ttf]
[profilo.xyz/assets/front/fonts/fa-solid-900.eot]
[profilo.xyz/assets/front/fonts/fa-solid-900d41d.eot]
[profilo.xyz/assets/front/fonts/fa-solid-900.woff2]
[profilo.xyz/assets/front/fonts/fa-solid-900.woff]
[profilo.xyz/assets/front/fonts/fa-solid-900.ttf]
[profilo.xyz/assets/front/css/plugin.min.css]
[profilo.xyz/assets/front/css/profile/common.css]
[profilo.xyz/assets/front/css/profile/theme4/default.css]
[profilo.xyz/assets/front/css/profile/theme4/style.css]
[profilo.xyz/assets/front/css/profile/theme4/responsive.css]
[profilo.xyz/assets/front/css/profile/common-base-color9cb6.css]
[profilo.xyz/assets/front/css/profile/theme4/base-color9cb6.css]
[profilo.xyz/veratti/services.html]
[profilo.xyz/veratti/portfolios.html]
[profilo.xyz/veratti/blog/lorem-ipsum-is-simply-dummy-text-of-the-printing/95.html]
[profilo.xyz/veratti/blog/it-is-a-long-established-fact-that-a-reader-will-be-distracted/96.html]
[profilo.xyz/veratti/blog/contrary-to-popular-belief,-lorem-ipsum-is-not-simply/97.html]
[profilo.xyz/veratti/blogs3da7.html]
[profilo.xyz/veratti/blogs28ec.html]
[profilo.xyz/veratti/blogs5699.html]
[profilo.xyz/assets/front/img/user/blogs/1641225247.jpg]
[profilo.xyz/assets/front/img/user/blogs/1641225241.jpg]
[profilo.xyz/assets/front/img/user/blogs/1641225233.jpg]
[profilo.xyz/veratti/blogs.html]
[profilo.xyz/veratti-2.html]
[profilo.xyz/assets/front/img/user/services/1640953796.jpg]
[profilo.xyz/veratti/service/ecommerce-website/97.html]
[profilo.xyz/assets/front/img/user/services/1640953805.jpg]
[profilo.xyz/veratti/service/logo-design/98.html]
[profilo.xyz/assets/front/img/user/services/1640953813.jpg]
[profilo.xyz/veratti/service/html-templates/99.html]
[profilo.xyz/assets/front/img/user/portfolios/60fe6d147739d.jpg]
[profilo.xyz/assets/front/img/user/portfolios/60fe6d1477378.jpg]
[profilo.xyz/assets/front/img/user/portfolios/60fe6d14d1aec.jpg]
[profilo.xyz/veratti/portfoliosaaa1.html]
[profilo.xyz/veratti/portfolios4009.html]
[profilo.xyz/veratti/portfolios94ea.html]
[profilo.xyz/veratti/portfolio/ecommerce-website/110.html]
[profilo.xyz/assets/front/img/user/portfolios/60fe6d3ecb2be.jpg]
[profilo.xyz/assets/front/img/user/portfolios/60fe6d3ed3558.jpg]
[profilo.xyz/veratti/portfolio/logo-design/111.html]
[profilo.xyz/assets/front/img/user/portfolios/60fe6d6e3713e.jpg]
[profilo.xyz/assets/front/img/user/portfolios/60fe6d6e37396.jpg]
[profilo.xyz/veratti/portfolio/medical-app/112.html]
[profilo.xyz/assets/front/img/user/portfolios/60fe6d95bf8ad.jpg]
[profilo.xyz/assets/front/img/user/portfolios/60fe6d95cd899.jpg]
[profilo.xyz/veratti/portfolio/taxi-app/113.html]
[profilo.xyz/assets/front/img/user/portfolios/60fe6dbf19813.jpg]
[profilo.xyz/assets/front/img/user/portfolios/60fe6dbf19e6c.jpg]
[profilo.xyz/veratti/portfolio/investment-app-ui/114.html]
[profilo.xyz/assets/front/img/user/portfolios/60fe6df67552b.jpg]
[profilo.xyz/assets/front/img/user/portfolios/60fe6df6764c8.jpg]
[profilo.xyz/veratti/portfolio/qr-menu-maker/115.html]
[profilo.xyz/veratti/blog/richard-mcclintock,-a-latin-professor-at-hampden-sydney-college/100.html]
[profilo.xyz/veratti/blog/many-desktop-publishing-packages-and-web-page/99.html]
[profilo.xyz/veratti/blog/there-are-many-variations-of-passages-of-lorem-ipsum/98.html]
[profilo.xyz/assets/front/fonts/fa-brands-400.svg]
[plusagency-2-5.disqus.com/embed.js]
[profilo.xyz/assets/front/fonts/fa-light-300.svg]
[profilo.xyz/assets/front/fonts/fa-regular-400.svg]
[profilo.xyz/assets/front/fonts/fa-solid-900.svg]
[profilo.xyz/assets/front/img/user/blogs/1641225208.jpg]
[profilo.xyz/veratti/blog/lorem-ipsum-is-simply-dummy-text-of-the-printing/95.html]
[profilo.xyz/assets/front/img/user/blogs/1641225217.jpg]
[profilo.xyz/veratti/blog/it-is-a-long-established-fact-that-a-reader-will-be-distracted/96.html]
[profilo.xyz/assets/front/img/user/blogs/1641225225.jpg]
[profilo.xyz/veratti/blog/contrary-to-popular-belief,-lorem-ipsum-is-not-simply/97.html]
[profilo.xyz/veratti/blogs3da7.html]
[profilo.xyz/veratti/blogs28ec.html]
[profilo.xyz/veratti/blogs5699.html]
[profilo.xyz/veratti/portfoliosaaa1.html]
[profilo.xyz/veratti/portfolios4009.html]
[profilo.xyz/veratti/portfolios94ea.html]
